// Jest Snapshot v1, https://goo.gl/fbAQLP

exports[`render renders correctly 1`] = `
<Fragment>
  <StyledBackground />
  <StyledFont>
    <StyledPage>
      <Header />
      <StyledCenterOfPage>
        <Connect(Tomato) />
        <LittleTomatoes />
      </StyledCenterOfPage>
      <Connect(Buttons) />
    </StyledPage>
  </StyledFont>
</Fragment>
`;
