// Jest Snapshot v1, https://goo.gl/fbAQLP

exports[`test Header component should render Header component correctly 1`] = `
ShallowWrapper {
  "length": 1,
  Symbol(enzyme.__root__): [Circular],
  Symbol(enzyme.__unrendered__): <Header />,
  Symbol(enzyme.__renderer__): Object {
    "batchedUpdates": [Function],
    "getNode": [Function],
    "render": [Function],
    "simulateEvent": [Function],
    "unmount": [Function],
  },
  Symbol(enzyme.__node__): Object {
    "instance": null,
    "key": undefined,
    "nodeType": "host",
    "props": Object {
      "children": Array [
        <h1>
          P
          <div
                    className="little-tomato"
          />
          modoro Timer
</h1>,
        <a
          href="https://en.wikipedia.org/wiki/Pomodoro_Technique"
          rel="noopener noreferrer"
          target="_blank"
>
          <div>
                    <i
                              className="fa fa-info-circle"
                    />
          </div>
</a>,
      ],
      "className": "header",
    },
    "ref": null,
    "rendered": Array [
      Object {
        "instance": null,
        "key": undefined,
        "nodeType": "host",
        "props": Object {
          "children": Array [
            "P",
            <div
              className="little-tomato"
/>,
            "modoro Timer",
          ],
        },
        "ref": null,
        "rendered": Array [
          "P",
          Object {
            "instance": null,
            "key": undefined,
            "nodeType": "host",
            "props": Object {
              "className": "little-tomato",
            },
            "ref": null,
            "rendered": null,
            "type": "div",
          },
          "modoro Timer",
        ],
        "type": "h1",
      },
      Object {
        "instance": null,
        "key": undefined,
        "nodeType": "host",
        "props": Object {
          "children": <div>
            <i
                        className="fa fa-info-circle"
            />
</div>,
          "href": "https://en.wikipedia.org/wiki/Pomodoro_Technique",
          "rel": "noopener noreferrer",
          "target": "_blank",
        },
        "ref": null,
        "rendered": Object {
          "instance": null,
          "key": undefined,
          "nodeType": "host",
          "props": Object {
            "children": <i
              className="fa fa-info-circle"
/>,
          },
          "ref": null,
          "rendered": Object {
            "instance": null,
            "key": undefined,
            "nodeType": "host",
            "props": Object {
              "className": "fa fa-info-circle",
            },
            "ref": null,
            "rendered": null,
            "type": "i",
          },
          "type": "div",
        },
        "type": "a",
      },
    ],
    "type": "div",
  },
  Symbol(enzyme.__nodes__): Array [
    Object {
      "instance": null,
      "key": undefined,
      "nodeType": "host",
      "props": Object {
        "children": Array [
          <h1>
            P
            <div
                        className="little-tomato"
            />
            modoro Timer
</h1>,
          <a
            href="https://en.wikipedia.org/wiki/Pomodoro_Technique"
            rel="noopener noreferrer"
            target="_blank"
>
            <div>
                        <i
                                    className="fa fa-info-circle"
                        />
            </div>
</a>,
        ],
        "className": "header",
      },
      "ref": null,
      "rendered": Array [
        Object {
          "instance": null,
          "key": undefined,
          "nodeType": "host",
          "props": Object {
            "children": Array [
              "P",
              <div
                className="little-tomato"
/>,
              "modoro Timer",
            ],
          },
          "ref": null,
          "rendered": Array [
            "P",
            Object {
              "instance": null,
              "key": undefined,
              "nodeType": "host",
              "props": Object {
                "className": "little-tomato",
              },
              "ref": null,
              "rendered": null,
              "type": "div",
            },
            "modoro Timer",
          ],
          "type": "h1",
        },
        Object {
          "instance": null,
          "key": undefined,
          "nodeType": "host",
          "props": Object {
            "children": <div>
              <i
                            className="fa fa-info-circle"
              />
</div>,
            "href": "https://en.wikipedia.org/wiki/Pomodoro_Technique",
            "rel": "noopener noreferrer",
            "target": "_blank",
          },
          "ref": null,
          "rendered": Object {
            "instance": null,
            "key": undefined,
            "nodeType": "host",
            "props": Object {
              "children": <i
                className="fa fa-info-circle"
/>,
            },
            "ref": null,
            "rendered": Object {
              "instance": null,
              "key": undefined,
              "nodeType": "host",
              "props": Object {
                "className": "fa fa-info-circle",
              },
              "ref": null,
              "rendered": null,
              "type": "i",
            },
            "type": "div",
          },
          "type": "a",
        },
      ],
      "type": "div",
    },
  ],
  Symbol(enzyme.__options__): Object {
    "adapter": ReactSixteenAdapter {
      "options": Object {
        "enableComponentDidUpdateOnSetState": true,
      },
    },
  },
}
`;
